F:\programs\python\play\python\tts\tts_eris\.venv\lib\site-packages\requests\__init__.py:113: RequestsDependencyWarning: urllib3 (2.6.3) or chardet (7.2.0)/charset_normalizer (3.4.6) doesn't match a supported version!
  warnings.warn(
INFO:eris:{'train': {'log_interval': 100, 'eval_interval': 500, 'seed': 1234, 'epochs': 8, 'learning_rate': 0.0001, 'betas': [0.8, 0.99], 'eps': 1e-09, 'batch_size': 8, 'fp16_run': True, 'lr_decay': 0.999875, 'segment_size': 20480, 'init_lr_ratio': 1, 'warmup_epochs': 0, 'c_mel': 45, 'c_kl': 1.0, 'text_low_lr_rate': 0.4, 'grad_ckpt': False, 'pretrained_s2G': 'GPT_SoVITS/pretrained_models/v2Pro/s2Gv2Pro.pth', 'pretrained_s2D': 'GPT_SoVITS/pretrained_models/v2Pro/s2Dv2Pro.pth', 'if_save_latest': True, 'if_save_every_weights': True, 'save_every_epoch': 4, 'gpu_numbers': '0'}, 'data': {'max_wav_value': 32768.0, 'sampling_rate': 32000, 'filter_length': 2048, 'hop_length': 640, 'win_length': 2048, 'n_mel_channels': 128, 'mel_fmin': 0.0, 'mel_fmax': None, 'add_blank': True, 'n_speakers': 300, 'cleaned_text': True, 'exp_dir': 'logs/eris'}, 'model': {'inter_channels': 192, 'hidden_channels': 192, 'filter_channels': 768, 'n_heads': 2, 'n_layers': 6, 'kernel_size': 3, 'p_dropout': 0.0, 'resblock': '1', 'resblock_kernel_sizes': [3, 7, 11], 'resblock_dilation_sizes': [[1, 3, 5], [1, 3, 5], [1, 3, 5]], 'upsample_rates': [10, 8, 2, 2, 2], 'upsample_initial_channel': 512, 'upsample_kernel_sizes': [16, 16, 8, 2, 2], 'n_layers_q': 3, 'use_spectral_norm': False, 'gin_channels': 1024, 'semantic_frame_rate': '25hz', 'freeze_quantizer': True, 'version': 'v2Pro'}, 's2_ckpt_dir': 'logs/eris', 'content_module': 'cnhubert', 'save_weight_dir': 'SoVITS_weights_v2Pro', 'name': 'eris', 'version': 'v2Pro', 'pretrain': None, 'resume_step': None}
phoneme_data_len: 359
wav_data_len: 359
  0%|          | 0/359 [00:00<?, ?it/s]100%|██████████| 359/359 [00:00<00:00, 88882.31it/s]
vocal_eris_full.wav.reformatted.wav_10.wav_0000897600_0000986560.wav not in self.phoneme_data !
vocal_eris_full.wav.reformatted.wav_10.wav_0033354240_0033500480.wav not in self.phoneme_data !
vocal_eris_full.wav.reformatted.wav_10.wav_0020467840_0020566400.wav not in self.phoneme_data !
vocal_eris_full.wav.reformatted.wav_10.wav_0001462080_0001591040.wav not in self.phoneme_data !
vocal_eris_full.wav.reformatted.wav_10.wav_0038202880_0038322880.wav not in self.phoneme_data !
vocal_eris_full.wav.reformatted.wav_10.wav_0007496000_0007608320.wav not in self.phoneme_data !
vocal_eris_full.wav.reformatted.wav_10.wav_0021356160_0021452480.wav not in self.phoneme_data !
vocal_eris_full.wav.reformatted.wav_10.wav_0014620800_0014715200.wav not in self.phoneme_data !
vocal_eris_full.wav.reformatted.wav_10.wav_0046849600_0046968960.wav not in self.phoneme_data !
vocal_eris_full.wav.reformatted.wav_10.wav_0030997440_0031123520.wav not in self.phoneme_data !
vocal_eris_full.wav.reformatted.wav_10.wav_0001591040_0001692800.wav not in self.phoneme_data !
vocal_eris_full.wav.reformatted.wav_10.wav_0039512000_0039557440.wav not in self.phoneme_data !
vocal_eris_full.wav.reformatted.wav_10.wav_0012159360_0012315520.wav not in self.phoneme_data !
vocal_eris_full.wav.reformatted.wav_10.wav_0031280000_0031322560.wav not in self.phoneme_data !
vocal_eris_full.wav.reformatted.wav_10.wav_0041008640_0041094400.wav not in self.phoneme_data !
vocal_eris_full.wav.reformatted.wav_10.wav_0036610880_0036742720.wav not in self.phoneme_data !
vocal_eris_full.wav.reformatted.wav_10.wav_0041446720_0041552960.wav not in self.phoneme_data !
vocal_eris_full.wav.reformatted.wav_10.wav_0036906880_0037031040.wav not in self.phoneme_data !
vocal_eris_full.wav.reformatted.wav_10.wav_0012326080_0012416320.wav not in self.phoneme_data !
vocal_eris_full.wav.reformatted.wav_10.wav_0020584960_0020722240.wav not in self.phoneme_data !
vocal_eris_full.wav.reformatted.wav_10.wav_0008063040_0008163840.wav not in self.phoneme_data !
vocal_eris_full.wav.reformatted.wav_10.wav_0031366400_0031481600.wav not in self.phoneme_data !
vocal_eris_full.wav.reformatted.wav_10.wav_0025086400_0025222080.wav not in self.phoneme_data !
vocal_eris_full.wav.reformatted.wav_10.wav_0031938560_0032029760.wav not in self.phoneme_data !
vocal_eris_full.wav.reformatted.wav_10.wav_0012010560_0012159360.wav not in self.phoneme_data !
vocal_eris_full.wav.reformatted.wav_10.wav_0031136960_0031241280.wav not in self.phoneme_data !
vocal_eris_full.wav.reformatted.wav_10.wav_0038910080_0039045760.wav not in self.phoneme_data !
vocal_eris_full.wav.reformatted.wav_10.wav_0024432320_0024568640.wav not in self.phoneme_data !
vocal_eris_full.wav.reformatted.wav_10.wav_0039406400_0039512000.wav not in self.phoneme_data !
vocal_eris_full.wav.reformatted.wav_10.wav_0032154880_0032244160.wav not in self.phoneme_data !
vocal_eris_full.wav.reformatted.wav_10.wav_0041105600_0041203200.wav not in self.phoneme_data !
vocal_eris_full.wav.reformatted.wav_10.wav_0012602560_0012709440.wav not in self.phoneme_data !
vocal_eris_full.wav.reformatted.wav_10.wav_0024324160_0024432320.wav not in self.phoneme_data !
vocal_eris_full.wav.reformatted.wav_10.wav_0014125120_0014232320.wav not in self.phoneme_data !
vocal_eris_full.wav.reformatted.wav_10.wav_0039257600_0039406400.wav not in self.phoneme_data !
vocal_eris_full.wav.reformatted.wav_10.wav_0020722240_0020818880.wav not in self.phoneme_data !
vocal_eris_full.wav.reformatted.wav_10.wav_0025352320_0025438720.wav not in self.phoneme_data !
vocal_eris_full.wav.reformatted.wav_10.wav_0021546880_0021650880.wav not in self.phoneme_data !
vocal_eris_full.wav.reformatted.wav_10.wav_0020818880_0020923840.wav not in self.phoneme_data !
vocal_eris_full.wav.reformatted.wav_10.wav_0019163200_0019288000.wav not in self.phoneme_data !
vocal_eris_full.wav.reformatted.wav_10.wav_0038618560_0038714560.wav not in self.phoneme_data !
vocal_eris_full.wav.reformatted.wav_10.wav_0018775040_0018896960.wav not in self.phoneme_data !
vocal_eris_full.wav.reformatted.wav_10.wav_0040474560_0040584320.wav not in self.phoneme_data !
vocal_eris_full.wav.reformatted.wav_10.wav_0006373120_0006480640.wav not in self.phoneme_data !
vocal_eris_full.wav.reformatted.wav_10.wav_0040823360_0040917440.wav not in self.phoneme_data !
vocal_eris_full.wav.reformatted.wav_10.wav_0020177600_0020226560.wav not in self.phoneme_data !
vocal_eris_full.wav.reformatted.wav_10.wav_0024826560_0025086400.wav not in self.phoneme_data !
vocal_eris_full.wav.reformatted.wav_10.wav_0011704640_0011795520.wav not in self.phoneme_data !
vocal_eris_full.wav.reformatted.wav_10.wav_0012416320_0012510400.wav not in self.phoneme_data !
vocal_eris_full.wav.reformatted.wav_10.wav_0040584960_0040686080.wav not in self.phoneme_data !
vocal_eris_full.wav.reformatted.wav_10.wav_0040703680_0040823360.wav not in self.phoneme_data !
vocal_eris_full.wav.reformatted.wav_10.wav_0012709440_0012813120.wav not in self.phoneme_data !
vocal_eris_full.wav.reformatted.wav_10.wav_0021997120_0022087680.wav not in self.phoneme_data !
skipped_phone:  53 , skipped_dur:  0
total left:  306
logs/eris/logs_s2_v2Pro\D_233333333333.pth
load 
INFO:eris:Loaded checkpoint 'logs/eris/logs_s2_v2Pro\D_233333333333.pth' (iteration 8)
INFO:eris:loaded D
logs/eris/logs_s2_v2Pro\G_233333333333.pth
load 
INFO:eris:Loaded checkpoint 'logs/eris/logs_s2_v2Pro\G_233333333333.pth' (iteration 8)
start training from epoch 9
training done
F:\programs\python\play\python\tts\tts_eris\.venv\lib\site-packages\requests\__init__.py:113: RequestsDependencyWarning: urllib3 (2.6.3) or chardet (7.2.0)/charset_normalizer (3.4.6) doesn't match a supported version!
  warnings.warn(
Seed set to 1234
Using 16bit Automatic Mixed Precision (AMP)
GPU available: True (cuda), used: True
TPU available: False, using: 0 TPU cores
💡 Tip: For seamless cloud logging and experiment tracking, try installing [litlogger](https://pypi.org/project/litlogger/) to enable LitLogger, which logs metrics and artifacts automatically to the Lightning Experiments platform.
Traceback (most recent call last):
  File "F:\programs\python\play\python\tts\tts_eris\GPT-SoVITS\GPT_SoVITS\AR\data\dataset.py", line 152, in init_batch
    phoneme_ids = cleaned_text_to_sequence(phoneme, version)
  File "F:\programs\python\play\python\tts\tts_eris\GPT-SoVITS\GPT_SoVITS\text\__init__.py", line 26, in cleaned_text_to_sequence
    phones = [_symbol_to_id_v2[symbol] for symbol in cleaned_text]
  File "F:\programs\python\play\python\tts\tts_eris\GPT-SoVITS\GPT_SoVITS\text\__init__.py", line 26, in <listcomp>
    phones = [_symbol_to_id_v2[symbol] for symbol in cleaned_text]
KeyError: ''
Traceback (most recent call last):
  File "F:\programs\python\play\python\tts\tts_eris\GPT-SoVITS\GPT_SoVITS\AR\data\dataset.py", line 152, in init_batch
    phoneme_ids = cleaned_text_to_sequence(phoneme, version)
  File "F:\programs\python\play\python\tts\tts_eris\GPT-SoVITS\GPT_SoVITS\text\__init__.py", line 26, in cleaned_text_to_sequence
    phones = [_symbol_to_id_v2[symbol] for symbol in cleaned_text]
  File "F:\programs\python\play\python\tts\tts_eris\GPT-SoVITS\GPT_SoVITS\text\__init__.py", line 26, in <listcomp>
    phones = [_symbol_to_id_v2[symbol] for symbol in cleaned_text]
KeyError: ''
Traceback (most recent call last):
  File "F:\programs\python\play\python\tts\tts_eris\GPT-SoVITS\GPT_SoVITS\AR\data\dataset.py", line 152, in init_batch
    phoneme_ids = cleaned_text_to_sequence(phoneme, version)
  File "F:\programs\python\play\python\tts\tts_eris\GPT-SoVITS\GPT_SoVITS\text\__init__.py", line 26, in cleaned_text_to_sequence
    phones = [_symbol_to_id_v2[symbol] for symbol in cleaned_text]
  File "F:\programs\python\play\python\tts\tts_eris\GPT-SoVITS\GPT_SoVITS\text\__init__.py", line 26, in <listcomp>
    phones = [_symbol_to_id_v2[symbol] for symbol in cleaned_text]
KeyError: ''
Traceback (most recent call last):
  File "F:\programs\python\play\python\tts\tts_eris\GPT-SoVITS\GPT_SoVITS\AR\data\dataset.py", line 152, in init_batch
    phoneme_ids = cleaned_text_to_sequence(phoneme, version)
  File "F:\programs\python\play\python\tts\tts_eris\GPT-SoVITS\GPT_SoVITS\text\__init__.py", line 26, in cleaned_text_to_sequence
    phones = [_symbol_to_id_v2[symbol] for symbol in cleaned_text]
  File "F:\programs\python\play\python\tts\tts_eris\GPT-SoVITS\GPT_SoVITS\text\__init__.py", line 26, in <listcomp>
    phones = [_symbol_to_id_v2[symbol] for symbol in cleaned_text]
KeyError: ''
Traceback (most recent call last):
  File "F:\programs\python\play\python\tts\tts_eris\GPT-SoVITS\GPT_SoVITS\AR\data\dataset.py", line 152, in init_batch
    phoneme_ids = cleaned_text_to_sequence(phoneme, version)
  File "F:\programs\python\play\python\tts\tts_eris\GPT-SoVITS\GPT_SoVITS\text\__init__.py", line 26, in cleaned_text_to_sequence
    phones = [_symbol_to_id_v2[symbol] for symbol in cleaned_text]
  File "F:\programs\python\play\python\tts\tts_eris\GPT-SoVITS\GPT_SoVITS\text\__init__.py", line 26, in <listcomp>
    phones = [_symbol_to_id_v2[symbol] for symbol in cleaned_text]
KeyError: ''
Traceback (most recent call last):
  File "F:\programs\python\play\python\tts\tts_eris\GPT-SoVITS\GPT_SoVITS\AR\data\dataset.py", line 152, in init_batch
    phoneme_ids = cleaned_text_to_sequence(phoneme, version)
  File "F:\programs\python\play\python\tts\tts_eris\GPT-SoVITS\GPT_SoVITS\text\__init__.py", line 26, in cleaned_text_to_sequence
    phones = [_symbol_to_id_v2[symbol] for symbol in cleaned_text]
  File "F:\programs\python\play\python\tts\tts_eris\GPT-SoVITS\GPT_SoVITS\text\__init__.py", line 26, in <listcomp>
    phones = [_symbol_to_id_v2[symbol] for symbol in cleaned_text]
KeyError: ''
Traceback (most recent call last):
  File "F:\programs\python\play\python\tts\tts_eris\GPT-SoVITS\GPT_SoVITS\AR\data\dataset.py", line 152, in init_batch
    phoneme_ids = cleaned_text_to_sequence(phoneme, version)
  File "F:\programs\python\play\python\tts\tts_eris\GPT-SoVITS\GPT_SoVITS\text\__init__.py", line 26, in cleaned_text_to_sequence
    phones = [_symbol_to_id_v2[symbol] for symbol in cleaned_text]
  File "F:\programs\python\play\python\tts\tts_eris\GPT-SoVITS\GPT_SoVITS\text\__init__.py", line 26, in <listcomp>
    phones = [_symbol_to_id_v2[symbol] for symbol in cleaned_text]
KeyError: ''
Traceback (most recent call last):
  File "F:\programs\python\play\python\tts\tts_eris\GPT-SoVITS\GPT_SoVITS\AR\data\dataset.py", line 152, in init_batch
    phoneme_ids = cleaned_text_to_sequence(phoneme, version)
  File "F:\programs\python\play\python\tts\tts_eris\GPT-SoVITS\GPT_SoVITS\text\__init__.py", line 26, in cleaned_text_to_sequence
    phones = [_symbol_to_id_v2[symbol] for symbol in cleaned_text]
  File "F:\programs\python\play\python\tts\tts_eris\GPT-SoVITS\GPT_SoVITS\text\__init__.py", line 26, in <listcomp>
    phones = [_symbol_to_id_v2[symbol] for symbol in cleaned_text]
KeyError: ''
Traceback (most recent call last):
  File "F:\programs\python\play\python\tts\tts_eris\GPT-SoVITS\GPT_SoVITS\AR\data\dataset.py", line 152, in init_batch
    phoneme_ids = cleaned_text_to_sequence(phoneme, version)
  File "F:\programs\python\play\python\tts\tts_eris\GPT-SoVITS\GPT_SoVITS\text\__init__.py", line 26, in cleaned_text_to_sequence
    phones = [_symbol_to_id_v2[symbol] for symbol in cleaned_text]
  File "F:\programs\python\play\python\tts\tts_eris\GPT-SoVITS\GPT_SoVITS\text\__init__.py", line 26, in <listcomp>
    phones = [_symbol_to_id_v2[symbol] for symbol in cleaned_text]
KeyError: ''
Traceback (most recent call last):
  File "F:\programs\python\play\python\tts\tts_eris\GPT-SoVITS\GPT_SoVITS\AR\data\dataset.py", line 152, in init_batch
    phoneme_ids = cleaned_text_to_sequence(phoneme, version)
  File "F:\programs\python\play\python\tts\tts_eris\GPT-SoVITS\GPT_SoVITS\text\__init__.py", line 26, in cleaned_text_to_sequence
    phones = [_symbol_to_id_v2[symbol] for symbol in cleaned_text]
  File "F:\programs\python\play\python\tts\tts_eris\GPT-SoVITS\GPT_SoVITS\text\__init__.py", line 26, in <listcomp>
    phones = [_symbol_to_id_v2[symbol] for symbol in cleaned_text]
KeyError: ''
Traceback (most recent call last):
  File "F:\programs\python\play\python\tts\tts_eris\GPT-SoVITS\GPT_SoVITS\AR\data\dataset.py", line 152, in init_batch
    phoneme_ids = cleaned_text_to_sequence(phoneme, version)
  File "F:\programs\python\play\python\tts\tts_eris\GPT-SoVITS\GPT_SoVITS\text\__init__.py", line 26, in cleaned_text_to_sequence
    phones = [_symbol_to_id_v2[symbol] for symbol in cleaned_text]
  File "F:\programs\python\play\python\tts\tts_eris\GPT-SoVITS\GPT_SoVITS\text\__init__.py", line 26, in <listcomp>
    phones = [_symbol_to_id_v2[symbol] for symbol in cleaned_text]
KeyError: ''
Traceback (most recent call last):
  File "F:\programs\python\play\python\tts\tts_eris\GPT-SoVITS\GPT_SoVITS\AR\data\dataset.py", line 152, in init_batch
    phoneme_ids = cleaned_text_to_sequence(phoneme, version)
  File "F:\programs\python\play\python\tts\tts_eris\GPT-SoVITS\GPT_SoVITS\text\__init__.py", line 26, in cleaned_text_to_sequence
    phones = [_symbol_to_id_v2[symbol] for symbol in cleaned_text]
  File "F:\programs\python\play\python\tts\tts_eris\GPT-SoVITS\GPT_SoVITS\text\__init__.py", line 26, in <listcomp>
    phones = [_symbol_to_id_v2[symbol] for symbol in cleaned_text]
KeyError: ''
Traceback (most recent call last):
  File "F:\programs\python\play\python\tts\tts_eris\GPT-SoVITS\GPT_SoVITS\AR\data\dataset.py", line 152, in init_batch
    phoneme_ids = cleaned_text_to_sequence(phoneme, version)
  File "F:\programs\python\play\python\tts\tts_eris\GPT-SoVITS\GPT_SoVITS\text\__init__.py", line 26, in cleaned_text_to_sequence
    phones = [_symbol_to_id_v2[symbol] for symbol in cleaned_text]
  File "F:\programs\python\play\python\tts\tts_eris\GPT-SoVITS\GPT_SoVITS\text\__init__.py", line 26, in <listcomp>
    phones = [_symbol_to_id_v2[symbol] for symbol in cleaned_text]
KeyError: ''
Traceback (most recent call last):
  File "F:\programs\python\play\python\tts\tts_eris\GPT-SoVITS\GPT_SoVITS\AR\data\dataset.py", line 152, in init_batch
    phoneme_ids = cleaned_text_to_sequence(phoneme, version)
  File "F:\programs\python\play\python\tts\tts_eris\GPT-SoVITS\GPT_SoVITS\text\__init__.py", line 26, in cleaned_text_to_sequence
    phones = [_symbol_to_id_v2[symbol] for symbol in cleaned_text]
  File "F:\programs\python\play\python\tts\tts_eris\GPT-SoVITS\GPT_SoVITS\text\__init__.py", line 26, in <listcomp>
    phones = [_symbol_to_id_v2[symbol] for symbol in cleaned_text]
KeyError: ''
Traceback (most recent call last):
  File "F:\programs\python\play\python\tts\tts_eris\GPT-SoVITS\GPT_SoVITS\AR\data\dataset.py", line 152, in init_batch
    phoneme_ids = cleaned_text_to_sequence(phoneme, version)
  File "F:\programs\python\play\python\tts\tts_eris\GPT-SoVITS\GPT_SoVITS\text\__init__.py", line 26, in cleaned_text_to_sequence
    phones = [_symbol_to_id_v2[symbol] for symbol in cleaned_text]
  File "F:\programs\python\play\python\tts\tts_eris\GPT-SoVITS\GPT_SoVITS\text\__init__.py", line 26, in <listcomp>
    phones = [_symbol_to_id_v2[symbol] for symbol in cleaned_text]
KeyError: ''
Traceback (most recent call last):
  File "F:\programs\python\play\python\tts\tts_eris\GPT-SoVITS\GPT_SoVITS\AR\data\dataset.py", line 152, in init_batch
    phoneme_ids = cleaned_text_to_sequence(phoneme, version)
  File "F:\programs\python\play\python\tts\tts_eris\GPT-SoVITS\GPT_SoVITS\text\__init__.py", line 26, in cleaned_text_to_sequence
    phones = [_symbol_to_id_v2[symbol] for symbol in cleaned_text]
  File "F:\programs\python\play\python\tts\tts_eris\GPT-SoVITS\GPT_SoVITS\text\__init__.py", line 26, in <listcomp>
    phones = [_symbol_to_id_v2[symbol] for symbol in cleaned_text]
KeyError: ''
Traceback (most recent call last):
  File "F:\programs\python\play\python\tts\tts_eris\GPT-SoVITS\GPT_SoVITS\AR\data\dataset.py", line 152, in init_batch
    phoneme_ids = cleaned_text_to_sequence(phoneme, version)
  File "F:\programs\python\play\python\tts\tts_eris\GPT-SoVITS\GPT_SoVITS\text\__init__.py", line 26, in cleaned_text_to_sequence
    phones = [_symbol_to_id_v2[symbol] for symbol in cleaned_text]
  File "F:\programs\python\play\python\tts\tts_eris\GPT-SoVITS\GPT_SoVITS\text\__init__.py", line 26, in <listcomp>
    phones = [_symbol_to_id_v2[symbol] for symbol in cleaned_text]
KeyError: ''
Traceback (most recent call last):
  File "F:\programs\python\play\python\tts\tts_eris\GPT-SoVITS\GPT_SoVITS\AR\data\dataset.py", line 152, in init_batch
    phoneme_ids = cleaned_text_to_sequence(phoneme, version)
  File "F:\programs\python\play\python\tts\tts_eris\GPT-SoVITS\GPT_SoVITS\text\__init__.py", line 26, in cleaned_text_to_sequence
    phones = [_symbol_to_id_v2[symbol] for symbol in cleaned_text]
  File "F:\programs\python\play\python\tts\tts_eris\GPT-SoVITS\GPT_SoVITS\text\__init__.py", line 26, in <listcomp>
    phones = [_symbol_to_id_v2[symbol] for symbol in cleaned_text]
KeyError: ''
Traceback (most recent call last):
  File "F:\programs\python\play\python\tts\tts_eris\GPT-SoVITS\GPT_SoVITS\AR\data\dataset.py", line 152, in init_batch
    phoneme_ids = cleaned_text_to_sequence(phoneme, version)
  File "F:\programs\python\play\python\tts\tts_eris\GPT-SoVITS\GPT_SoVITS\text\__init__.py", line 26, in cleaned_text_to_sequence
    phones = [_symbol_to_id_v2[symbol] for symbol in cleaned_text]
  File "F:\programs\python\play\python\tts\tts_eris\GPT-SoVITS\GPT_SoVITS\text\__init__.py", line 26, in <listcomp>
    phones = [_symbol_to_id_v2[symbol] for symbol in cleaned_text]
KeyError: ''
Traceback (most recent call last):
  File "F:\programs\python\play\python\tts\tts_eris\GPT-SoVITS\GPT_SoVITS\AR\data\dataset.py", line 152, in init_batch
    phoneme_ids = cleaned_text_to_sequence(phoneme, version)
  File "F:\programs\python\play\python\tts\tts_eris\GPT-SoVITS\GPT_SoVITS\text\__init__.py", line 26, in cleaned_text_to_sequence
    phones = [_symbol_to_id_v2[symbol] for symbol in cleaned_text]
  File "F:\programs\python\play\python\tts\tts_eris\GPT-SoVITS\GPT_SoVITS\text\__init__.py", line 26, in <listcomp>
    phones = [_symbol_to_id_v2[symbol] for symbol in cleaned_text]
KeyError: ''
Traceback (most recent call last):
  File "F:\programs\python\play\python\tts\tts_eris\GPT-SoVITS\GPT_SoVITS\AR\data\dataset.py", line 152, in init_batch
    phoneme_ids = cleaned_text_to_sequence(phoneme, version)
  File "F:\programs\python\play\python\tts\tts_eris\GPT-SoVITS\GPT_SoVITS\text\__init__.py", line 26, in cleaned_text_to_sequence
    phones = [_symbol_to_id_v2[symbol] for symbol in cleaned_text]
  File "F:\programs\python\play\python\tts\tts_eris\GPT-SoVITS\GPT_SoVITS\text\__init__.py", line 26, in <listcomp>
    phones = [_symbol_to_id_v2[symbol] for symbol in cleaned_text]
KeyError: ''
Traceback (most recent call last):
  File "F:\programs\python\play\python\tts\tts_eris\GPT-SoVITS\GPT_SoVITS\AR\data\dataset.py", line 152, in init_batch
    phoneme_ids = cleaned_text_to_sequence(phoneme, version)
  File "F:\programs\python\play\python\tts\tts_eris\GPT-SoVITS\GPT_SoVITS\text\__init__.py", line 26, in cleaned_text_to_sequence
    phones = [_symbol_to_id_v2[symbol] for symbol in cleaned_text]
  File "F:\programs\python\play\python\tts\tts_eris\GPT-SoVITS\GPT_SoVITS\text\__init__.py", line 26, in <listcomp>
    phones = [_symbol_to_id_v2[symbol] for symbol in cleaned_text]
KeyError: ''
Traceback (most recent call last):
  File "F:\programs\python\play\python\tts\tts_eris\GPT-SoVITS\GPT_SoVITS\AR\data\dataset.py", line 152, in init_batch
    phoneme_ids = cleaned_text_to_sequence(phoneme, version)
  File "F:\programs\python\play\python\tts\tts_eris\GPT-SoVITS\GPT_SoVITS\text\__init__.py", line 26, in cleaned_text_to_sequence
    phones = [_symbol_to_id_v2[symbol] for symbol in cleaned_text]
  File "F:\programs\python\play\python\tts\tts_eris\GPT-SoVITS\GPT_SoVITS\text\__init__.py", line 26, in <listcomp>
    phones = [_symbol_to_id_v2[symbol] for symbol in cleaned_text]
KeyError: ''
Traceback (most recent call last):
  File "F:\programs\python\play\python\tts\tts_eris\GPT-SoVITS\GPT_SoVITS\AR\data\dataset.py", line 152, in init_batch
    phoneme_ids = cleaned_text_to_sequence(phoneme, version)
  File "F:\programs\python\play\python\tts\tts_eris\GPT-SoVITS\GPT_SoVITS\text\__init__.py", line 26, in cleaned_text_to_sequence
    phones = [_symbol_to_id_v2[symbol] for symbol in cleaned_text]
  File "F:\programs\python\play\python\tts\tts_eris\GPT-SoVITS\GPT_SoVITS\text\__init__.py", line 26, in <listcomp>
    phones = [_symbol_to_id_v2[symbol] for symbol in cleaned_text]
KeyError: ''
Traceback (most recent call last):
  File "F:\programs\python\play\python\tts\tts_eris\GPT-SoVITS\GPT_SoVITS\AR\data\dataset.py", line 152, in init_batch
    phoneme_ids = cleaned_text_to_sequence(phoneme, version)
  File "F:\programs\python\play\python\tts\tts_eris\GPT-SoVITS\GPT_SoVITS\text\__init__.py", line 26, in cleaned_text_to_sequence
    phones = [_symbol_to_id_v2[symbol] for symbol in cleaned_text]
  File "F:\programs\python\play\python\tts\tts_eris\GPT-SoVITS\GPT_SoVITS\text\__init__.py", line 26, in <listcomp>
    phones = [_symbol_to_id_v2[symbol] for symbol in cleaned_text]
KeyError: ''
Traceback (most recent call last):
  File "F:\programs\python\play\python\tts\tts_eris\GPT-SoVITS\GPT_SoVITS\AR\data\dataset.py", line 152, in init_batch
    phoneme_ids = cleaned_text_to_sequence(phoneme, version)
  File "F:\programs\python\play\python\tts\tts_eris\GPT-SoVITS\GPT_SoVITS\text\__init__.py", line 26, in cleaned_text_to_sequence
    phones = [_symbol_to_id_v2[symbol] for symbol in cleaned_text]
  File "F:\programs\python\play\python\tts\tts_eris\GPT-SoVITS\GPT_SoVITS\text\__init__.py", line 26, in <listcomp>
    phones = [_symbol_to_id_v2[symbol] for symbol in cleaned_text]
KeyError: ''
Traceback (most recent call last):
  File "F:\programs\python\play\python\tts\tts_eris\GPT-SoVITS\GPT_SoVITS\AR\data\dataset.py", line 152, in init_batch
    phoneme_ids = cleaned_text_to_sequence(phoneme, version)
  File "F:\programs\python\play\python\tts\tts_eris\GPT-SoVITS\GPT_SoVITS\text\__init__.py", line 26, in cleaned_text_to_sequence
    phones = [_symbol_to_id_v2[symbol] for symbol in cleaned_text]
  File "F:\programs\python\play\python\tts\tts_eris\GPT-SoVITS\GPT_SoVITS\text\__init__.py", line 26, in <listcomp>
    phones = [_symbol_to_id_v2[symbol] for symbol in cleaned_text]
KeyError: ''
Traceback (most recent call last):
  File "F:\programs\python\play\python\tts\tts_eris\GPT-SoVITS\GPT_SoVITS\AR\data\dataset.py", line 152, in init_batch
    phoneme_ids = cleaned_text_to_sequence(phoneme, version)
  File "F:\programs\python\play\python\tts\tts_eris\GPT-SoVITS\GPT_SoVITS\text\__init__.py", line 26, in cleaned_text_to_sequence
    phones = [_symbol_to_id_v2[symbol] for symbol in cleaned_text]
  File "F:\programs\python\play\python\tts\tts_eris\GPT-SoVITS\GPT_SoVITS\text\__init__.py", line 26, in <listcomp>
    phones = [_symbol_to_id_v2[symbol] for symbol in cleaned_text]
KeyError: ''
Traceback (most recent call last):
  File "F:\programs\python\play\python\tts\tts_eris\GPT-SoVITS\GPT_SoVITS\AR\data\dataset.py", line 152, in init_batch
    phoneme_ids = cleaned_text_to_sequence(phoneme, version)
  File "F:\programs\python\play\python\tts\tts_eris\GPT-SoVITS\GPT_SoVITS\text\__init__.py", line 26, in cleaned_text_to_sequence
    phones = [_symbol_to_id_v2[symbol] for symbol in cleaned_text]
  File "F:\programs\python\play\python\tts\tts_eris\GPT-SoVITS\GPT_SoVITS\text\__init__.py", line 26, in <listcomp>
    phones = [_symbol_to_id_v2[symbol] for symbol in cleaned_text]
KeyError: ''
Traceback (most recent call last):
  File "F:\programs\python\play\python\tts\tts_eris\GPT-SoVITS\GPT_SoVITS\AR\data\dataset.py", line 152, in init_batch
    phoneme_ids = cleaned_text_to_sequence(phoneme, version)
  File "F:\programs\python\play\python\tts\tts_eris\GPT-SoVITS\GPT_SoVITS\text\__init__.py", line 26, in cleaned_text_to_sequence
    phones = [_symbol_to_id_v2[symbol] for symbol in cleaned_text]
  File "F:\programs\python\play\python\tts\tts_eris\GPT-SoVITS\GPT_SoVITS\text\__init__.py", line 26, in <listcomp>
    phones = [_symbol_to_id_v2[symbol] for symbol in cleaned_text]
KeyError: ''
Traceback (most recent call last):
  File "F:\programs\python\play\python\tts\tts_eris\GPT-SoVITS\GPT_SoVITS\AR\data\dataset.py", line 152, in init_batch
    phoneme_ids = cleaned_text_to_sequence(phoneme, version)
  File "F:\programs\python\play\python\tts\tts_eris\GPT-SoVITS\GPT_SoVITS\text\__init__.py", line 26, in cleaned_text_to_sequence
    phones = [_symbol_to_id_v2[symbol] for symbol in cleaned_text]
  File "F:\programs\python\play\python\tts\tts_eris\GPT-SoVITS\GPT_SoVITS\text\__init__.py", line 26, in <listcomp>
    phones = [_symbol_to_id_v2[symbol] for symbol in cleaned_text]
KeyError: ''
Traceback (most recent call last):
  File "F:\programs\python\play\python\tts\tts_eris\GPT-SoVITS\GPT_SoVITS\AR\data\dataset.py", line 152, in init_batch
    phoneme_ids = cleaned_text_to_sequence(phoneme, version)
  File "F:\programs\python\play\python\tts\tts_eris\GPT-SoVITS\GPT_SoVITS\text\__init__.py", line 26, in cleaned_text_to_sequence
    phones = [_symbol_to_id_v2[symbol] for symbol in cleaned_text]
  File "F:\programs\python\play\python\tts\tts_eris\GPT-SoVITS\GPT_SoVITS\text\__init__.py", line 26, in <listcomp>
    phones = [_symbol_to_id_v2[symbol] for symbol in cleaned_text]
KeyError: ''
Traceback (most recent call last):
  File "F:\programs\python\play\python\tts\tts_eris\GPT-SoVITS\GPT_SoVITS\AR\data\dataset.py", line 152, in init_batch
    phoneme_ids = cleaned_text_to_sequence(phoneme, version)
  File "F:\programs\python\play\python\tts\tts_eris\GPT-SoVITS\GPT_SoVITS\text\__init__.py", line 26, in cleaned_text_to_sequence
    phones = [_symbol_to_id_v2[symbol] for symbol in cleaned_text]
  File "F:\programs\python\play\python\tts\tts_eris\GPT-SoVITS\GPT_SoVITS\text\__init__.py", line 26, in <listcomp>
    phones = [_symbol_to_id_v2[symbol] for symbol in cleaned_text]
KeyError: ''
Traceback (most recent call last):
  File "F:\programs\python\play\python\tts\tts_eris\GPT-SoVITS\GPT_SoVITS\AR\data\dataset.py", line 152, in init_batch
    phoneme_ids = cleaned_text_to_sequence(phoneme, version)
  File "F:\programs\python\play\python\tts\tts_eris\GPT-SoVITS\GPT_SoVITS\text\__init__.py", line 26, in cleaned_text_to_sequence
    phones = [_symbol_to_id_v2[symbol] for symbol in cleaned_text]
  File "F:\programs\python\play\python\tts\tts_eris\GPT-SoVITS\GPT_SoVITS\text\__init__.py", line 26, in <listcomp>
    phones = [_symbol_to_id_v2[symbol] for symbol in cleaned_text]
KeyError: ''
Traceback (most recent call last):
  File "F:\programs\python\play\python\tts\tts_eris\GPT-SoVITS\GPT_SoVITS\AR\data\dataset.py", line 152, in init_batch
    phoneme_ids = cleaned_text_to_sequence(phoneme, version)
  File "F:\programs\python\play\python\tts\tts_eris\GPT-SoVITS\GPT_SoVITS\text\__init__.py", line 26, in cleaned_text_to_sequence
    phones = [_symbol_to_id_v2[symbol] for symbol in cleaned_text]
  File "F:\programs\python\play\python\tts\tts_eris\GPT-SoVITS\GPT_SoVITS\text\__init__.py", line 26, in <listcomp>
    phones = [_symbol_to_id_v2[symbol] for symbol in cleaned_text]
KeyError: ''
Traceback (most recent call last):
  File "F:\programs\python\play\python\tts\tts_eris\GPT-SoVITS\GPT_SoVITS\AR\data\dataset.py", line 152, in init_batch
    phoneme_ids = cleaned_text_to_sequence(phoneme, version)
  File "F:\programs\python\play\python\tts\tts_eris\GPT-SoVITS\GPT_SoVITS\text\__init__.py", line 26, in cleaned_text_to_sequence
    phones = [_symbol_to_id_v2[symbol] for symbol in cleaned_text]
  File "F:\programs\python\play\python\tts\tts_eris\GPT-SoVITS\GPT_SoVITS\text\__init__.py", line 26, in <listcomp>
    phones = [_symbol_to_id_v2[symbol] for symbol in cleaned_text]
KeyError: ''
Traceback (most recent call last):
  File "F:\programs\python\play\python\tts\tts_eris\GPT-SoVITS\GPT_SoVITS\AR\data\dataset.py", line 152, in init_batch
    phoneme_ids = cleaned_text_to_sequence(phoneme, version)
  File "F:\programs\python\play\python\tts\tts_eris\GPT-SoVITS\GPT_SoVITS\text\__init__.py", line 26, in cleaned_text_to_sequence
    phones = [_symbol_to_id_v2[symbol] for symbol in cleaned_text]
  File "F:\programs\python\play\python\tts\tts_eris\GPT-SoVITS\GPT_SoVITS\text\__init__.py", line 26, in <listcomp>
    phones = [_symbol_to_id_v2[symbol] for symbol in cleaned_text]
KeyError: ''
Traceback (most recent call last):
  File "F:\programs\python\play\python\tts\tts_eris\GPT-SoVITS\GPT_SoVITS\AR\data\dataset.py", line 152, in init_batch
    phoneme_ids = cleaned_text_to_sequence(phoneme, version)
  File "F:\programs\python\play\python\tts\tts_eris\GPT-SoVITS\GPT_SoVITS\text\__init__.py", line 26, in cleaned_text_to_sequence
    phones = [_symbol_to_id_v2[symbol] for symbol in cleaned_text]
  File "F:\programs\python\play\python\tts\tts_eris\GPT-SoVITS\GPT_SoVITS\text\__init__.py", line 26, in <listcomp>
    phones = [_symbol_to_id_v2[symbol] for symbol in cleaned_text]
KeyError: ''
Traceback (most recent call last):
  File "F:\programs\python\play\python\tts\tts_eris\GPT-SoVITS\GPT_SoVITS\AR\data\dataset.py", line 152, in init_batch
    phoneme_ids = cleaned_text_to_sequence(phoneme, version)
  File "F:\programs\python\play\python\tts\tts_eris\GPT-SoVITS\GPT_SoVITS\text\__init__.py", line 26, in cleaned_text_to_sequence
    phones = [_symbol_to_id_v2[symbol] for symbol in cleaned_text]
  File "F:\programs\python\play\python\tts\tts_eris\GPT-SoVITS\GPT_SoVITS\text\__init__.py", line 26, in <listcomp>
    phones = [_symbol_to_id_v2[symbol] for symbol in cleaned_text]
KeyError: ''
Traceback (most recent call last):
  File "F:\programs\python\play\python\tts\tts_eris\GPT-SoVITS\GPT_SoVITS\AR\data\dataset.py", line 152, in init_batch
    phoneme_ids = cleaned_text_to_sequence(phoneme, version)
  File "F:\programs\python\play\python\tts\tts_eris\GPT-SoVITS\GPT_SoVITS\text\__init__.py", line 26, in cleaned_text_to_sequence
    phones = [_symbol_to_id_v2[symbol] for symbol in cleaned_text]
  File "F:\programs\python\play\python\tts\tts_eris\GPT-SoVITS\GPT_SoVITS\text\__init__.py", line 26, in <listcomp>
    phones = [_symbol_to_id_v2[symbol] for symbol in cleaned_text]
KeyError: ''
Traceback (most recent call last):
  File "F:\programs\python\play\python\tts\tts_eris\GPT-SoVITS\GPT_SoVITS\AR\data\dataset.py", line 152, in init_batch
    phoneme_ids = cleaned_text_to_sequence(phoneme, version)
  File "F:\programs\python\play\python\tts\tts_eris\GPT-SoVITS\GPT_SoVITS\text\__init__.py", line 26, in cleaned_text_to_sequence
    phones = [_symbol_to_id_v2[symbol] for symbol in cleaned_text]
  File "F:\programs\python\play\python\tts\tts_eris\GPT-SoVITS\GPT_SoVITS\text\__init__.py", line 26, in <listcomp>
    phones = [_symbol_to_id_v2[symbol] for symbol in cleaned_text]
KeyError: ''
Traceback (most recent call last):
  File "F:\programs\python\play\python\tts\tts_eris\GPT-SoVITS\GPT_SoVITS\AR\data\dataset.py", line 152, in init_batch
    phoneme_ids = cleaned_text_to_sequence(phoneme, version)
  File "F:\programs\python\play\python\tts\tts_eris\GPT-SoVITS\GPT_SoVITS\text\__init__.py", line 26, in cleaned_text_to_sequence
    phones = [_symbol_to_id_v2[symbol] for symbol in cleaned_text]
  File "F:\programs\python\play\python\tts\tts_eris\GPT-SoVITS\GPT_SoVITS\text\__init__.py", line 26, in <listcomp>
    phones = [_symbol_to_id_v2[symbol] for symbol in cleaned_text]
KeyError: ''
Traceback (most recent call last):
  File "F:\programs\python\play\python\tts\tts_eris\GPT-SoVITS\GPT_SoVITS\AR\data\dataset.py", line 152, in init_batch
    phoneme_ids = cleaned_text_to_sequence(phoneme, version)
  File "F:\programs\python\play\python\tts\tts_eris\GPT-SoVITS\GPT_SoVITS\text\__init__.py", line 26, in cleaned_text_to_sequence
    phones = [_symbol_to_id_v2[symbol] for symbol in cleaned_text]
  File "F:\programs\python\play\python\tts\tts_eris\GPT-SoVITS\GPT_SoVITS\text\__init__.py", line 26, in <listcomp>
    phones = [_symbol_to_id_v2[symbol] for symbol in cleaned_text]
KeyError: ''
Traceback (most recent call last):
  File "F:\programs\python\play\python\tts\tts_eris\GPT-SoVITS\GPT_SoVITS\AR\data\dataset.py", line 152, in init_batch
    phoneme_ids = cleaned_text_to_sequence(phoneme, version)
  File "F:\programs\python\play\python\tts\tts_eris\GPT-SoVITS\GPT_SoVITS\text\__init__.py", line 26, in cleaned_text_to_sequence
    phones = [_symbol_to_id_v2[symbol] for symbol in cleaned_text]
  File "F:\programs\python\play\python\tts\tts_eris\GPT-SoVITS\GPT_SoVITS\text\__init__.py", line 26, in <listcomp>
    phones = [_symbol_to_id_v2[symbol] for symbol in cleaned_text]
KeyError: ''
Traceback (most recent call last):
  File "F:\programs\python\play\python\tts\tts_eris\GPT-SoVITS\GPT_SoVITS\AR\data\dataset.py", line 152, in init_batch
    phoneme_ids = cleaned_text_to_sequence(phoneme, version)
  File "F:\programs\python\play\python\tts\tts_eris\GPT-SoVITS\GPT_SoVITS\text\__init__.py", line 26, in cleaned_text_to_sequence
    phones = [_symbol_to_id_v2[symbol] for symbol in cleaned_text]
  File "F:\programs\python\play\python\tts\tts_eris\GPT-SoVITS\GPT_SoVITS\text\__init__.py", line 26, in <listcomp>
    phones = [_symbol_to_id_v2[symbol] for symbol in cleaned_text]
KeyError: ''
Traceback (most recent call last):
  File "F:\programs\python\play\python\tts\tts_eris\GPT-SoVITS\GPT_SoVITS\AR\data\dataset.py", line 152, in init_batch
    phoneme_ids = cleaned_text_to_sequence(phoneme, version)
  File "F:\programs\python\play\python\tts\tts_eris\GPT-SoVITS\GPT_SoVITS\text\__init__.py", line 26, in cleaned_text_to_sequence
    phones = [_symbol_to_id_v2[symbol] for symbol in cleaned_text]
  File "F:\programs\python\play\python\tts\tts_eris\GPT-SoVITS\GPT_SoVITS\text\__init__.py", line 26, in <listcomp>
    phones = [_symbol_to_id_v2[symbol] for symbol in cleaned_text]
KeyError: ''
Traceback (most recent call last):
  File "F:\programs\python\play\python\tts\tts_eris\GPT-SoVITS\GPT_SoVITS\AR\data\dataset.py", line 152, in init_batch
    phoneme_ids = cleaned_text_to_sequence(phoneme, version)
  File "F:\programs\python\play\python\tts\tts_eris\GPT-SoVITS\GPT_SoVITS\text\__init__.py", line 26, in cleaned_text_to_sequence
    phones = [_symbol_to_id_v2[symbol] for symbol in cleaned_text]
  File "F:\programs\python\play\python\tts\tts_eris\GPT-SoVITS\GPT_SoVITS\text\__init__.py", line 26, in <listcomp>
    phones = [_symbol_to_id_v2[symbol] for symbol in cleaned_text]
KeyError: ''
Traceback (most recent call last):
  File "F:\programs\python\play\python\tts\tts_eris\GPT-SoVITS\GPT_SoVITS\AR\data\dataset.py", line 152, in init_batch
    phoneme_ids = cleaned_text_to_sequence(phoneme, version)
  File "F:\programs\python\play\python\tts\tts_eris\GPT-SoVITS\GPT_SoVITS\text\__init__.py", line 26, in cleaned_text_to_sequence
    phones = [_symbol_to_id_v2[symbol] for symbol in cleaned_text]
  File "F:\programs\python\play\python\tts\tts_eris\GPT-SoVITS\GPT_SoVITS\text\__init__.py", line 26, in <listcomp>
    phones = [_symbol_to_id_v2[symbol] for symbol in cleaned_text]
KeyError: ''
Traceback (most recent call last):
  File "F:\programs\python\play\python\tts\tts_eris\GPT-SoVITS\GPT_SoVITS\AR\data\dataset.py", line 152, in init_batch
    phoneme_ids = cleaned_text_to_sequence(phoneme, version)
  File "F:\programs\python\play\python\tts\tts_eris\GPT-SoVITS\GPT_SoVITS\text\__init__.py", line 26, in cleaned_text_to_sequence
    phones = [_symbol_to_id_v2[symbol] for symbol in cleaned_text]
  File "F:\programs\python\play\python\tts\tts_eris\GPT-SoVITS\GPT_SoVITS\text\__init__.py", line 26, in <listcomp>
    phones = [_symbol_to_id_v2[symbol] for symbol in cleaned_text]
KeyError: ''
Traceback (most recent call last):
  File "F:\programs\python\play\python\tts\tts_eris\GPT-SoVITS\GPT_SoVITS\AR\data\dataset.py", line 152, in init_batch
    phoneme_ids = cleaned_text_to_sequence(phoneme, version)
  File "F:\programs\python\play\python\tts\tts_eris\GPT-SoVITS\GPT_SoVITS\text\__init__.py", line 26, in cleaned_text_to_sequence
    phones = [_symbol_to_id_v2[symbol] for symbol in cleaned_text]
  File "F:\programs\python\play\python\tts\tts_eris\GPT-SoVITS\GPT_SoVITS\text\__init__.py", line 26, in <listcomp>
    phones = [_symbol_to_id_v2[symbol] for symbol in cleaned_text]
KeyError: ''
Traceback (most recent call last):
  File "F:\programs\python\play\python\tts\tts_eris\GPT-SoVITS\GPT_SoVITS\AR\data\dataset.py", line 152, in init_batch
    phoneme_ids = cleaned_text_to_sequence(phoneme, version)
  File "F:\programs\python\play\python\tts\tts_eris\GPT-SoVITS\GPT_SoVITS\text\__init__.py", line 26, in cleaned_text_to_sequence
    phones = [_symbol_to_id_v2[symbol] for symbol in cleaned_text]
  File "F:\programs\python\play\python\tts\tts_eris\GPT-SoVITS\GPT_SoVITS\text\__init__.py", line 26, in <listcomp>
    phones = [_symbol_to_id_v2[symbol] for symbol in cleaned_text]
KeyError: ''
Traceback (most recent call last):
  File "F:\programs\python\play\python\tts\tts_eris\GPT-SoVITS\GPT_SoVITS\AR\data\dataset.py", line 152, in init_batch
    phoneme_ids = cleaned_text_to_sequence(phoneme, version)
  File "F:\programs\python\play\python\tts\tts_eris\GPT-SoVITS\GPT_SoVITS\text\__init__.py", line 26, in cleaned_text_to_sequence
    phones = [_symbol_to_id_v2[symbol] for symbol in cleaned_text]
  File "F:\programs\python\play\python\tts\tts_eris\GPT-SoVITS\GPT_SoVITS\text\__init__.py", line 26, in <listcomp>
    phones = [_symbol_to_id_v2[symbol] for symbol in cleaned_text]
KeyError: ''
Traceback (most recent call last):
  File "F:\programs\python\play\python\tts\tts_eris\GPT-SoVITS\GPT_SoVITS\AR\data\dataset.py", line 152, in init_batch
    phoneme_ids = cleaned_text_to_sequence(phoneme, version)
  File "F:\programs\python\play\python\tts\tts_eris\GPT-SoVITS\GPT_SoVITS\text\__init__.py", line 26, in cleaned_text_to_sequence
    phones = [_symbol_to_id_v2[symbol] for symbol in cleaned_text]
  File "F:\programs\python\play\python\tts\tts_eris\GPT-SoVITS\GPT_SoVITS\text\__init__.py", line 26, in <listcomp>
    phones = [_symbol_to_id_v2[symbol] for symbol in cleaned_text]
KeyError: ''
LOCAL_RANK: 0 - CUDA_VISIBLE_DEVICES: [0]
F:\programs\python\play\python\tts\tts_eris\.venv\lib\site-packages\pytorch_lightning\utilities\model_summary\model_summary.py:242: Precision 16-mixed is not supported by the model summary.  Estimated model size in MB will not be accurate. Using 32 bits instead.
<All keys matched successfully>
ckpt_path: None
semantic_data_len: 359
phoneme_data_len: 359
                                             item_name                                     semantic_audio
0    vocal_eris_full.wav.reformatted.wav_10.wav_000...  520 105 105 804 105 105 105 271 536 642 548 42...
1    vocal_eris_full.wav.reformatted.wav_10.wav_000...  520 486 486 486 486 486 486 486 486 486 280 16...
2    vocal_eris_full.wav.reformatted.wav_10.wav_000...  520 29 32 90 651 986 100 24 82 639 984 795 700...
3    vocal_eris_full.wav.reformatted.wav_10.wav_000...  520 53 41 699 185 57 317 154 298 735 288 448 7...
4    vocal_eris_full.wav.reformatted.wav_10.wav_000...  1002 588 839 499 138 593 75 802 470 506 678 90...
..                                                 ...                                                ...
354  vocal_eris_full.wav.reformatted.wav_10.wav_004...  520 105 105 721 105 105 105 146 581 28 41 673 ...
355  vocal_eris_full.wav.reformatted.wav_10.wav_004...  913 899 259 834 120 674 733 961 609 67 772 413...
356  vocal_eris_full.wav.reformatted.wav_10.wav_004...  520 105 105 105 105 53 72 142 320 295 25 594 8...
357  vocal_eris_full.wav.reformatted.wav_10.wav_004...  520 280 280 280 105 530 63 476 641 338 17 524 ...
358  vocal_eris_full.wav.reformatted.wav_10.wav_004...  520 105 991 687 496 847 256 490 420 215 432 51...

[359 rows x 2 columns]
there are 53 semantic datas not in phoneme datas
deleted 34 audios who's phoneme/sec are bigger than 25 or smaller than 3
dataset.__len__(): 272
┌───┬───────┬──────────────────────┬────────┬───────┬───────┐
│   │ Name  │ Type                 │ Params │ Mode  │ FLOPs │
├───┼───────┼──────────────────────┼────────┼───────┼───────┤
│ 0 │ model │ Text2SemanticDecoder │ 77.6 M │ train │     0 │
└───┴───────┴──────────────────────┴────────┴───────┴───────┘
Trainable params: 77.6 M                                                       
Non-trainable params: 0                                                        
Total params: 77.6 M                                                           
Total estimated model params size (MB): 310                                    
Modules in train mode: 257                                                     
Modules in eval mode: 0                                                        
Total FLOPs: 0                                                                 
F:\programs\python\play\python\tts\tts_eris\.venv\lib\site-packages\pytorch_lightning\utilities\_pytree.py:21: `isinstance(treespec, LeafSpec)` is deprecated, use `isinstance(treespec, TreeSpec) and treespec.is_leaf()` instead.
F:\programs\python\play\python\tts\tts_eris\.venv\lib\site-packages\requests\__init__.py:113: RequestsDependencyWarning: urllib3 (2.6.3) or chardet (7.2.0)/charset_normalizer (3.4.6) doesn't match a supported version!
  warnings.warn(
F:\programs\python\play\python\tts\tts_eris\.venv\lib\site-packages\requests\__init__.py:113: RequestsDependencyWarning: urllib3 (2.6.3) or chardet (7.2.0)/charset_normalizer (3.4.6) doesn't match a supported version!
  warnings.warn(
F:\programs\python\play\python\tts\tts_eris\.venv\lib\site-packages\requests\__init__.py:113: RequestsDependencyWarning: urllib3 (2.6.3) or chardet (7.2.0)/charset_normalizer (3.4.6) doesn't match a supported version!
  warnings.warn(
F:\programs\python\play\python\tts\tts_eris\.venv\lib\site-packages\requests\__init__.py:113: RequestsDependencyWarning: urllib3 (2.6.3) or chardet (7.2.0)/charset_normalizer (3.4.6) doesn't match a supported version!
  warnings.warn(
F:\programs\python\play\python\tts\tts_eris\.venv\lib\site-packages\pytorch_lightning\loops\fit_loop.py:317: The number of training batches (34) is smaller than the logging interval Trainer(log_every_n_steps=50). Set a lower value for log_every_n_steps if you want to see logs for the training epoch.
`Trainer.fit` stopped: `max_epochs=15` reached.
Epoch 14/14 ---------------- 34/34 0:00:01 •        21.54it/s v_num: 1.000     
                                   0:00:00                    total_loss_step: 
                                                              1545.050 lr_step:
                                                              0.002            
                                                              top_3_acc_step:  
                                                              0.543            
                                                              total_loss_epoch:
                                                              2411.137         
                                                              lr_epoch: 0.002  
                                                              top_3_acc_epoch: 
                                                              0.506            

============================================================
  前置检查
============================================================
  所有预置文件检查通过。

============================================================
  1a — 文本分词与特征提取
============================================================
  已存在且有效（359 行），跳过。

============================================================
  1b — HuBERT 特征 + wav32k 重采样
============================================================
  logs/eris/5-wav32k 已有内容，跳过。

============================================================
  1b2 — Speaker Verification（v2Pro）
============================================================

>>> "F:\programs\python\play\python\tts\tts_eris\.venv\Scripts\python.exe" -s GPT_SoVITS/prepare_datasets/2-get-sv.py
    -> 耗时 3s，退出码 0

============================================================
  1c — 语义 Token 提取
============================================================
  已存在且有效，跳过。

============================================================
  2 — SoVITS 训练（8 epoch）
============================================================

>>> "F:\programs\python\play\python\tts\tts_eris\.venv\Scripts\python.exe" -s GPT_SoVITS/s2_train.py --config "TEMP/tmp_s2.json"
    -> 耗时 6s，退出码 0

============================================================
  3 — GPT 训练（15 epoch）
============================================================

>>> "F:\programs\python\play\python\tts\tts_eris\.venv\Scripts\python.exe" -s GPT_SoVITS/s1_train.py --config_file "TEMP/tmp_s1.yaml"
    -> 耗时 51s，退出码 0

============================================================
  训练完成
============================================================
  SoVITS 模型：
    eris_e4_s164.pth
    eris_e8_s328.pth
  GPT 模型：
    eris-e10.ckpt
    eris-e15.ckpt
    eris-e5.ckpt

  下一步：在 voices/eris/config.json 中填入模型路径，
  然后重启 run.py 即可使用微调后的模型推理。

  总耗时：1.0 分钟
