[2026-03-25 13:32:43] 启动服务: F:\programs\python\play\tts\tts_eris\.venv\Scripts\python.exe -u F:\programs\python\play\tts\tts_eris\run_with_class.py
[2026-03-25 13:39:17] 启动服务: F:\programs\python\play\tts\tts_eris\.venv\Scripts\python.exe -u F:\programs\python\play\tts\tts_eris\run_with_class.py
[2026-03-25 13:39:17] stdout/stderr → F:\programs\python\play\tts\tts_eris\tts_stdout.log
[2026-03-25 13:39:17] GPU: 4958, 16303 MB
[2026-03-25 13:39:17] 子进程 PID=26020
[2026-03-25 13:39:17] [alive] PID=26020 GPU: 4958, 16303 MB
[2026-03-25 13:39:47] [alive] PID=26020 GPU: 5694, 16303 MB
[2026-03-25 13:40:17] [alive] PID=26020 GPU: 5696, 16303 MB
[2026-03-25 13:40:47] [alive] PID=26020 GPU: 5682, 16303 MB
[2026-03-25 13:41:17] [alive] PID=26020 GPU: 5676, 16303 MB
[2026-03-25 13:41:47] [alive] PID=26020 GPU: 7062, 16303 MB
[2026-03-25 13:42:18] [alive] PID=26020 GPU: 7117, 16303 MB
[2026-03-25 13:42:48] [alive] PID=26020 GPU: 7084, 16303 MB
[2026-03-25 13:43:18] [alive] PID=26020 GPU: 7095, 16303 MB
[2026-03-25 13:43:48] [alive] PID=26020 GPU: 7109, 16303 MB
[2026-03-25 13:44:18] [alive] PID=26020 GPU: 7113, 16303 MB
[2026-03-25 13:44:48] [alive] PID=26020 GPU: 7122, 16303 MB
[2026-03-25 13:45:19] [alive] PID=26020 GPU: 7110, 16303 MB
[2026-03-25 13:45:49] [alive] PID=26020 GPU: 7097, 16303 MB
[2026-03-25 13:46:19] [alive] PID=26020 GPU: 7109, 16303 MB
[2026-03-25 13:46:49] [alive] PID=26020 GPU: 7112, 16303 MB
[2026-03-25 13:47:19] [alive] PID=26020 GPU: 7099, 16303 MB
[2026-03-25 13:47:49] [alive] PID=26020 GPU: 7093, 16303 MB
[2026-03-25 13:48:19] [alive] PID=26020 GPU: 7100, 16303 MB
[2026-03-25 13:48:49] [alive] PID=26020 GPU: 7100, 16303 MB
[2026-03-25 13:49:20] [alive] PID=26020 GPU: 7101, 16303 MB
[2026-03-25 13:49:50] [alive] PID=26020 GPU: 7111, 16303 MB
[2026-03-25 13:50:20] [alive] PID=26020 GPU: 7113, 16303 MB
[2026-03-25 13:50:50] [alive] PID=26020 GPU: 7100, 16303 MB
[2026-03-25 13:51:20] [alive] PID=26020 GPU: 7128, 16303 MB
[2026-03-25 13:51:50] [alive] PID=26020 GPU: 7118, 16303 MB
[2026-03-25 13:52:20] [alive] PID=26020 GPU: 7130, 16303 MB
[2026-03-25 13:52:51] [alive] PID=26020 GPU: 7092, 16303 MB
[2026-03-25 13:53:21] [alive] PID=26020 GPU: 7100, 16303 MB
[2026-03-25 13:53:51] [alive] PID=26020 GPU: 7128, 16303 MB
[2026-03-25 13:54:21] [alive] PID=26020 GPU: 7126, 16303 MB
[2026-03-25 13:54:51] [alive] PID=26020 GPU: 7100, 16303 MB
[2026-03-25 13:55:21] [alive] PID=26020 GPU: 7100, 16303 MB
[2026-03-25 13:55:51] [alive] PID=26020 GPU: 7146, 16303 MB
[2026-03-25 13:56:22] [alive] PID=26020 GPU: 7138, 16303 MB
[2026-03-25 13:56:52] [alive] PID=26020 GPU: 7100, 16303 MB
[2026-03-25 13:57:22] [alive] PID=26020 GPU: 7106, 16303 MB
[2026-03-25 13:57:52] [alive] PID=26020 GPU: 7124, 16303 MB
[2026-03-25 13:58:22] [alive] PID=26020 GPU: 7120, 16303 MB
[2026-03-25 13:58:52] [alive] PID=26020 GPU: 7175, 16303 MB
[2026-03-25 13:59:22] [alive] PID=26020 GPU: 7142, 16303 MB
[2026-03-25 13:59:53] [alive] PID=26020 GPU: 7199, 16303 MB
[2026-03-25 14:00:23] [alive] PID=26020 GPU: 7104, 16303 MB
[2026-03-25 14:00:53] [alive] PID=26020 GPU: 7131, 16303 MB
[2026-03-25 14:01:23] [alive] PID=26020 GPU: 7146, 16303 MB
[2026-03-25 14:01:53] [alive] PID=26020 GPU: 7108, 16303 MB
[2026-03-25 14:02:23] [alive] PID=26020 GPU: 7099, 16303 MB
[2026-03-25 14:02:53] [alive] PID=26020 GPU: 7122, 16303 MB
[2026-03-25 14:03:24] [alive] PID=26020 GPU: 7141, 16303 MB
[2026-03-25 14:03:54] [alive] PID=26020 GPU: 7175, 16303 MB
[2026-03-25 14:04:24] [alive] PID=26020 GPU: 7151, 16303 MB
[2026-03-25 14:04:54] [alive] PID=26020 GPU: 7147, 16303 MB
[2026-03-25 14:05:24] [alive] PID=26020 GPU: 7145, 16303 MB
[2026-03-25 14:05:54] [alive] PID=26020 GPU: 7117, 16303 MB
[2026-03-25 14:06:25] [alive] PID=26020 GPU: 7117, 16303 MB
[2026-03-25 14:06:55] [alive] PID=26020 GPU: 7163, 16303 MB
[2026-03-25 14:07:25] [alive] PID=26020 GPU: 7245, 16303 MB
[2026-03-25 14:07:55] [alive] PID=26020 GPU: 7191, 16303 MB
[2026-03-25 14:08:25] [alive] PID=26020 GPU: 7191, 16303 MB
[2026-03-25 14:08:55] [alive] PID=26020 GPU: 7179, 16303 MB
[2026-03-25 14:09:25] [alive] PID=26020 GPU: 7144, 16303 MB
[2026-03-25 14:09:56] [alive] PID=26020 GPU: 7148, 16303 MB
[2026-03-25 14:10:26] [alive] PID=26020 GPU: 7136, 16303 MB
[2026-03-25 14:10:56] [alive] PID=26020 GPU: 7207, 16303 MB
[2026-03-25 14:11:26] [alive] PID=26020 GPU: 7172, 16303 MB
[2026-03-25 14:11:56] [alive] PID=26020 GPU: 7146, 16303 MB
[2026-03-25 14:12:26] [alive] PID=26020 GPU: 7219, 16303 MB
[2026-03-25 14:12:56] [alive] PID=26020 GPU: 7183, 16303 MB
[2026-03-25 14:13:27] [alive] PID=26020 GPU: 7171, 16303 MB
[2026-03-25 14:13:57] [alive] PID=26020 GPU: 7179, 16303 MB
[2026-03-25 14:14:27] [alive] PID=26020 GPU: 7203, 16303 MB
[2026-03-25 14:14:57] [alive] PID=26020 GPU: 7164, 16303 MB
[2026-03-25 14:15:27] [alive] PID=26020 GPU: 7071, 16303 MB
[2026-03-25 14:15:57] [alive] PID=26020 GPU: 7000, 16303 MB
[2026-03-25 14:16:27] [alive] PID=26020 GPU: 7005, 16303 MB
[2026-03-25 14:16:58] [alive] PID=26020 GPU: 6997, 16303 MB
[2026-03-25 14:17:28] [alive] PID=26020 GPU: 7006, 16303 MB
[2026-03-25 14:17:58] [alive] PID=26020 GPU: 7012, 16303 MB
[2026-03-25 14:18:28] [alive] PID=26020 GPU: 7043, 16303 MB
[2026-03-25 14:18:58] [alive] PID=26020 GPU: 7011, 16303 MB
[2026-03-25 14:19:28] [alive] PID=26020 GPU: 6985, 16303 MB
[2026-03-25 14:19:58] [alive] PID=26020 GPU: 6985, 16303 MB
[2026-03-25 14:20:28] [alive] PID=26020 GPU: 6985, 16303 MB
[2026-03-25 14:20:59] [alive] PID=26020 GPU: 6985, 16303 MB
[2026-03-25 14:21:29] [alive] PID=26020 GPU: 6985, 16303 MB
[2026-03-25 14:21:59] [alive] PID=26020 GPU: 7019, 16303 MB
[2026-03-25 14:22:29] [alive] PID=26020 GPU: 6989, 16303 MB
[2026-03-25 14:22:59] [alive] PID=26020 GPU: 6990, 16303 MB
[2026-03-25 14:23:29] [alive] PID=26020 GPU: 7015, 16303 MB
[2026-03-25 14:23:59] [alive] PID=26020 GPU: 7015, 16303 MB
[2026-03-25 14:24:30] [alive] PID=26020 GPU: 6975, 16303 MB
[2026-03-25 14:25:00] [alive] PID=26020 GPU: 6979, 16303 MB
[2026-03-25 14:25:30] [alive] PID=26020 GPU: 6978, 16303 MB
[2026-03-25 14:26:00] [alive] PID=26020 GPU: 6983, 16303 MB
[2026-03-25 14:26:30] [alive] PID=26020 GPU: 6983, 16303 MB
[2026-03-25 14:27:00] [alive] PID=26020 GPU: 6983, 16303 MB
[2026-03-25 14:27:30] [alive] PID=26020 GPU: 6983, 16303 MB
[2026-03-25 14:28:01] [alive] PID=26020 GPU: 6983, 16303 MB
[2026-03-25 14:28:31] [alive] PID=26020 GPU: 6983, 16303 MB
[2026-03-25 14:29:01] [alive] PID=26020 GPU: 6983, 16303 MB
[2026-03-25 14:29:31] [alive] PID=26020 GPU: 6983, 16303 MB
[2026-03-25 14:30:01] [alive] PID=26020 GPU: 6983, 16303 MB
[2026-03-25 14:30:31] [alive] PID=26020 GPU: 6967, 16303 MB
[2026-03-25 14:31:01] [alive] PID=26020 GPU: 6957, 16303 MB
[2026-03-25 14:31:32] [alive] PID=26020 GPU: 7004, 16303 MB
[2026-03-25 14:32:02] [alive] PID=26020 GPU: 6941, 16303 MB
[2026-03-25 14:32:32] [alive] PID=26020 GPU: 6941, 16303 MB
[2026-03-25 14:33:02] [alive] PID=26020 GPU: 6941, 16303 MB
[2026-03-25 14:33:32] [alive] PID=26020 GPU: 6941, 16303 MB
[2026-03-25 14:34:02] [alive] PID=26020 GPU: 6941, 16303 MB
[2026-03-25 14:34:32] [alive] PID=26020 GPU: 6936, 16303 MB
[2026-03-25 14:35:03] [alive] PID=26020 GPU: 7037, 16303 MB
[2026-03-25 14:35:33] [alive] PID=26020 GPU: 6927, 16303 MB
[2026-03-25 14:36:03] [alive] PID=26020 GPU: 6995, 16303 MB
[2026-03-25 14:36:33] [alive] PID=26020 GPU: 6982, 16303 MB
[2026-03-25 14:37:03] [alive] PID=26020 GPU: 6944, 16303 MB
[2026-03-25 14:37:33] [alive] PID=26020 GPU: 6938, 16303 MB
[2026-03-25 14:38:03] [alive] PID=26020 GPU: 6990, 16303 MB
[2026-03-25 14:38:34] [alive] PID=26020 GPU: 6937, 16303 MB
[2026-03-25 14:39:04] [alive] PID=26020 GPU: 6957, 16303 MB
[2026-03-25 14:39:34] [alive] PID=26020 GPU: 6971, 16303 MB
[2026-03-25 14:40:04] [alive] PID=26020 GPU: 6967, 16303 MB
[2026-03-25 14:40:34] [alive] PID=26020 GPU: 6993, 16303 MB
[2026-03-25 14:41:04] [alive] PID=26020 GPU: 6964, 16303 MB
[2026-03-25 14:41:34] [alive] PID=26020 GPU: 6932, 16303 MB
[2026-03-25 14:42:05] [alive] PID=26020 GPU: 6932, 16303 MB
[2026-03-25 14:42:35] [alive] PID=26020 GPU: 6939, 16303 MB
[2026-03-25 14:43:05] [alive] PID=26020 GPU: 6974, 16303 MB
[2026-03-25 14:43:35] [alive] PID=26020 GPU: 6937, 16303 MB
[2026-03-25 14:44:05] [alive] PID=26020 GPU: 6941, 16303 MB
[2026-03-25 14:44:35] [alive] PID=26020 GPU: 6935, 16303 MB
[2026-03-25 14:45:06] [alive] PID=26020 GPU: 6966, 16303 MB
